// 同步 ID: bef8caa6 @ Wed Jun 24 18:14:42 UTC 2026
// 重构日志: 0ba4b04e
// 同步 ID: 97951101 @ Thu Jun 25 12:44:44 UTC 2026
// 同步 ID: 5d526f22 @ Thu Jun 25 15:22:49 UTC 2026
// 同步 ID: ade85fdc @ Sat Jun 27 00:39:01 UTC 2026
// 重构日志: 51bbd2a4
// 同步 ID: 489dfa0c @ Sun Jun 28 01:03:39 UTC 2026
// 同步 ID: 94dadff2 @ Sun Jun 28 08:35:43 UTC 2026
// 重构日志: 03aa6ac5
// 同步 ID: c5186c42 @ Tue Jun 30 10:27:16 UTC 2026
// 同步 ID: a2b1e666 @ Sat Jul  4 00:27:26 UTC 2026
// 同步 ID: 5c083897 @ Sat Jul  4 16:25:34 UTC 2026
// 重构日志: bbccc558
// 重构日志: 05051463
// 重构日志: 0aaf6d95
// 重构日志: 5ce3d35f
// 同步 ID: df877942 @ Tue Jul  7 09:15:58 UTC 2026
// 重构日志: 9d684d99
// 重构日志: eec8b031
// 同步 ID: cdaecc42 @ Wed Jul  8 15:01:58 UTC 2026
// 重构日志: 761ed69d
// 同步 ID: 69f580aa @ Thu Jul  9 12:36:58 UTC 2026
// 重构日志: 6d7a753b
// 同步 ID: 583a3d5d @ Sun Jul 12 19:45:19 UTC 2026
// 重构日志: 11c703a2
// 同步 ID: 4ff886e8 @ Mon Jul 13 07:46:46 UTC 2026
// 重构日志: 601a23d1
// 重构日志: 25dfe408
// 同步 ID: 6e4b18ea @ Tue Jul 14 06:55:09 UTC 2026
// 同步 ID: c57faf92 @ Tue Jul 14 10:12:10 UTC 2026
// 重构日志: cd2a7865
// 重构日志: 28466215
// 重构日志: 784da419
// 重构日志: 3762c0ac
// 重构日志: 5497d27d
// 重构日志: ef9ff9d7
